python : ERROR:root:Failed to initialize database connection pool: invalid dsn: missing "=" after 
"sqlite:///./dashboard/dashboard.db" in connection info string
At line:1 char:1
+ python test_paddle_standalone.py > test_output.txt 2>&1
+ ~~~~~~~~~~~~~~~~~~~~~~~~~~~~~~~~~~~~~~~~~~~~~~~~~~~~~~~
    + CategoryInfo          : NotSpecified: (ERROR:root:Fail...ion info string:String) [], RemoteException
    + FullyQualifiedErrorId : NativeCommandError
 


--- Testing: lobbyaround3.png ---
[33mChecking connectivity to the model hosters, this may take a while. To bypass this check, set 
`DISABLE_MODEL_SOURCE_CHECK` to `True`.[0m
INFO: Could not find files for the given pattern(s).
C:\Users\blake\AppData\Roaming\Python\Python312\site-packages\paddle\utils\cpp_extension\extension_utils.py:718: 
UserWarning: No ccache found. Please be aware that recompiling all source files may be required. You can download and 
install ccache from: https://github.com/ccache/ccache/blob/master/doc/INSTALL.md
  warnings.warn(warning_message)
[32mCreating model: ('PP-LCNet_x1_0_doc_ori', None)[0m
[32mModel files already exist. Using cached files. To redownload, please delete the directory manually: 
`C:\Users\blake\.paddlex\official_models\PP-LCNet_x1_0_doc_ori`.[0m
WARNING: Logging before InitGoogleLogging() is written to STDERR
I1231 10:44:36.825803 93312 onednn_context.cc:81] oneDNN v3.6.2
[32mCreating model: ('UVDoc', None)[0m
[32mModel files already exist. Using cached files. To redownload, please delete the directory manually: 
`C:\Users\blake\.paddlex\official_models\UVDoc`.[0m
[32mCreating model: ('PP-LCNet_x1_0_textline_ori', None)[0m
[32mModel files already exist. Using cached files. To redownload, please delete the directory manually: 
`C:\Users\blake\.paddlex\official_models\PP-LCNet_x1_0_textline_ori`.[0m
[32mCreating model: ('PP-OCRv5_server_det', None)[0m
[32mModel files already exist. Using cached files. To redownload, please delete the directory manually: 
`C:\Users\blake\.paddlex\official_models\PP-OCRv5_server_det`.[0m
[32mCreating model: ('en_PP-OCRv5_mobile_rec', None)[0m
[32mModel files already exist. Using cached files. To redownload, please delete the directory manually: 
`C:\Users\blake\.paddlex\official_models\en_PP-OCRv5_mobile_rec`.[0m
[DEBUG] Found 6 placements, 8 names
[DEBUG] Names collected: ['deepestregrets', 'Lymera', 'Baby Llama', 'vedris', 'coco', 'Matt Green', 'Spear and Sky', 'LaurenTheCorgi']
[DEBUG] Checking fallback: 6 >= 6 and 6 < 8 and 8 > 0
[DEBUG] FALLBACK TRIGGERED - using Y-based ordering for remaining names
[DEBUG] used_names indices: {0, 1, 2, 4, 6, 7}
[DEBUG] unassigned_names: ['vedris', 'Matt Green']
[DEBUG] current_placements: [1, 2, 3, 5, 7, 8]
[DEBUG] missing_placements: [4, 6]
[DEBUG] Adding vedris at placement 4
[DEBUG] Adding Matt Green at placement 6
Players detected: 8
  1: deepestregrets
  2: Lymera
  3: Baby Llama
  4: vedris
  5: coco
  6: Matt Green
  7: Spear and Sky
  8: LaurenTheCorgi
Overall confidence: 97.91%

Expected: ['deepestregrets', 'Lymera', 'Baby Llama', 'Vedris', 'coco', 'Matt Green', 'Spear and Sky', 'LaurenTheCorgi']
Detected: ['deepestregrets', 'lymera', 'baby llama', 'vedris', 'coco', 'matt green', 'spear and sky', 'laurenthecorgi']
Correct: 8/8 (100.0%)

--- Testing: lobbybround3.png ---
[DEBUG] Found 3 placements, 7 names
[DEBUG] Names collected: ['INonaI', 'ING', 'Astrid', 'olivia', 'Nottycat', 'kipEnjoyer', 'mquat']
[DEBUG] Checking fallback: 3 >= 6 and 3 < 8 and 7 > 0
Players detected: 3
  2: mquat
  4: Nottycat
  7: kipEnjoyer
Overall confidence: 51.55%

Expected: ['Astrid', 'olivia', 'Nottycat', 'MudkipEnjoyer', 'btwblue', 'MoldyKumquat', 'CoffinCutie', 'Kalimier']
Detected: ['mquat', 'nottycat', 'kipenjoyer']
Correct: 3/8 (37.5%)

--- Testing: lobbycround3.png ---
[DEBUG] Found 14 placements, 11 names
[DEBUG] Names collected: ['mayxd', 'WAO', 'VOw', 'Duchess of Deer', 'hint', 'VeeWithTooManyEs', 'CAN', '12FiendFyre', 'Ffoxface', 'Alithyst', 'Coralie']
[DEBUG] Checking fallback: 11 >= 6 and 11 < 8 and 11 > 0
Players detected: 11
  1: VOw
  1: 12FiendFyre
  2: mayxd
  2: Duchess of Deer
  2: hint
  2: CAN
  6: VeeWithTooManyEs
  8: WAO
  8: Ffoxface
  8: Alithyst
  8: Coralie
Overall confidence: 73.80%

Expected: ['mayxd', 'Duchess of Deer', 'hint', 'VeewithtooManyEs', '12FiendFyre', 'Ffoxface', 'Alithyst', 'Coralie']
Detected: ['vow', '12fiendfyre', 'mayxd', 'duchess of deer', 'hint', 'can', 'veewithtoomanyes', 'wao', 'ffoxface', 'alithyst', 'coralie']
Correct: 8/11 (72.7%)
